// Jest Snapshot v1, https://goo.gl/fbAQLP

exports[`Canvas print should print the canvas 1`] = `
Array [
  Array [
    "[1;1H",
  ],
  Array [
    "[38;2;255;255;255m[48;2;0;0;0m [38;2;255;255;255m[48;2;0;0;0m [38;2;255;255;255m[48;2;0;0;0m [38;2;255;255;255m[48;2;0;0;0m [38;2;255;255;255m[48;2;0;0;0m [38;2;255;255;255m[48;2;0;0;0m [38;2;255;255;255m[48;2;0;0;0m [38;2;255;255;255m[48;2;0;0;0m [38;2;255;255;255m[48;2;0;0;0m [38;2;255;255;255m[48;2;0;0;0m [38;2;255;255;255m[48;2;0;0;0m [38;2;255;255;255m[48;2;0;0;0m [38;2;255;255;255m[48;2;0;0;0m [38;2;255;255;255m[48;2;0;0;0m [38;2;255;255;255m[48;2;0;0;0m [38;2;255;255;255m[48;2;0;0;0m [38;2;255;255;255m[48;2;0;0;0m [38;2;255;255;255m[48;2;0;0;0m [38;2;255;255;255m[48;2;0;0;0m [38;2;255;255;255m[48;2;0;0;0m [38;2;255;255;255m[48;2;0;0;0m [38;2;255;255;255m[48;2;0;0;0m [38;2;255;255;255m[48;2;0;0;0m [38;2;255;255;255m[48;2;0;0;0m [38;2;255;255;255m[48;2;0;0;0m [38;2;255;255;255m[48;2;0;0;0m [38;2;255;255;255m[48;2;0;0;0m [38;2;255;255;255m[48;2;0;0;0m [38;2;255;255;255m[48;2;0;0;0m [38;2;255;255;255m[48;2;0;0;0m [38;2;255;255;255m[48;2;0;0;0m [38;2;255;255;255m[48;2;0;0;0m [38;2;255;255;255m[48;2;0;0;0m [38;2;255;255;255m[48;2;0;0;0m [38;2;255;255;255m[48;2;0;0;0m [38;2;255;255;255m[48;2;0;0;0m [38;2;255;255;255m[48;2;0;0;0m [38;2;255;255;255m[48;2;0;0;0m [38;2;255;255;255m[48;2;0;0;0m [38;2;255;255;255m[48;2;0;0;0m [38;2;255;255;255m[48;2;0;0;0m [38;2;255;255;255m[48;2;0;0;0m [38;2;255;255;255m[48;2;0;0;0m [38;2;255;255;255m[48;2;0;0;0m [38;2;255;255;255m[48;2;0;0;0m [38;2;255;255;255m[48;2;0;0;0m [38;2;255;255;255m[48;2;0;0;0m [38;2;255;255;255m[48;2;0;0;0m [38;2;255;255;255m[48;2;0;0;0m [38;2;255;255;255m[48;2;0;0;0m [38;2;255;255;255m[48;2;0;0;0m [38;2;255;255;255m[48;2;0;0;0m [38;2;255;255;255m[48;2;0;0;0m [38;2;255;255;255m[48;2;0;0;0m [38;2;255;255;255m[48;2;0;0;0m [38;2;255;255;255m[48;2;0;0;0m [38;2;255;255;255m[48;2;0;0;0m [38;2;255;255;255m[48;2;0;0;0m [38;2;255;255;255m[48;2;0;0;0m [38;2;255;255;255m[48;2;0;0;0m [38;2;255;255;255m[48;2;0;0;0m [38;2;255;255;255m[48;2;0;0;0m [38;2;255;255;255m[48;2;0;0;0m [38;2;255;255;255m[48;2;0;0;0m [38;2;255;255;255m[48;2;0;0;0m [38;2;255;255;255m[48;2;0;0;0m [38;2;255;255;255m[48;2;0;0;0m [38;2;255;255;255m[48;2;0;0;0m [38;2;255;255;255m[48;2;0;0;0m [38;2;255;255;255m[48;2;0;0;0m [38;2;255;255;255m[48;2;0;0;0m [38;2;255;255;255m[48;2;0;0;0m [38;2;255;255;255m[48;2;0;0;0m [38;2;255;255;255m[48;2;0;0;0m [38;2;255;255;255m[48;2;0;0;0m [38;2;255;255;255m[48;2;0;0;0m [38;2;255;255;255m[48;2;0;0;0m [38;2;255;255;255m[48;2;0;0;0m [38;2;255;255;255m[48;2;0;0;0m [38;2;255;255;255m[48;2;0;0;0m [38;2;255;255;255m[48;2;0;0;0m [38;2;255;255;255m[48;2;0;0;0m [38;2;255;255;255m[48;2;0;0;0m [38;2;255;255;255m[48;2;0;0;0m [38;2;255;255;255m[48;2;0;0;0m [38;2;255;255;255m[48;2;0;0;0m [38;2;255;255;255m[48;2;0;0;0m [38;2;255;255;255m[48;2;0;0;0m [38;2;255;255;255m[48;2;0;0;0m [38;2;255;255;255m[48;2;0;0;0m [38;2;255;255;255m[48;2;0;0;0m [38;2;255;255;255m[48;2;0;0;0m [38;2;255;255;255m[48;2;0;0;0m [38;2;255;255;255m[48;2;0;0;0m [38;2;255;255;255m[48;2;0;0;0m [38;2;255;255;255m[48;2;0;0;0m [38;2;255;255;255m[48;2;0;0;0m [38;2;255;255;255m[48;2;0;0;0m [38;2;255;255;255m[48;2;0;0;0m [38;2;255;255;255m[48;2;0;0;0m [38;2;255;255;255m[48;2;0;0;0m [38;2;255;255;255m[48;2;0;0;0m [38;2;255;255;255m[48;2;0;0;0m [38;2;255;255;255m[48;2;0;0;0m [38;2;255;255;255m[48;2;0;0;0m [38;2;255;255;255m[48;2;0;0;0m [38;2;255;255;255m[48;2;0;0;0m [38;2;255;255;255m[48;2;0;0;0m [38;2;255;255;255m[48;2;0;0;0m [38;2;255;255;255m[48;2;0;0;0m [38;2;255;255;255m[48;2;0;0;0m [38;2;255;255;255m[48;2;0;0;0m [38;2;255;255;255m[48;2;0;0;0m [38;2;255;255;255m[48;2;0;0;0m [38;2;255;255;255m[48;2;0;0;0m [38;2;255;255;255m[48;2;0;0;0m [38;2;255;255;255m[48;2;0;0;0m [38;2;255;255;255m[48;2;0;0;0m [38;2;255;255;255m[48;2;0;0;0m [38;2;255;255;255m[48;2;0;0;0m [38;2;255;255;255m[48;2;0;0;0m [38;2;255;255;255m[48;2;0;0;0m [38;2;255;255;255m[48;2;0;0;0m [38;2;255;255;255m[48;2;0;0;0m [38;2;255;255;255m[48;2;0;0;0m [38;2;255;255;255m[48;2;0;0;0m [38;2;255;255;255m[48;2;0;0;0m [38;2;255;255;255m[48;2;0;0;0m [38;2;255;255;255m[48;2;0;0;0m [38;2;255;255;255m[48;2;0;0;0m [38;2;255;255;255m[48;2;0;0;0m [38;2;255;255;255m[48;2;0;0;0m [38;2;255;255;255m[48;2;0;0;0m [38;2;255;255;255m[48;2;0;0;0m [38;2;255;255;255m[48;2;0;0;0m [38;2;255;255;255m[48;2;0;0;0m [38;2;255;255;255m[48;2;0;0;0m [38;2;255;255;255m[48;2;0;0;0m [38;2;255;255;255m[48;2;0;0;0m [38;2;255;255;255m[48;2;0;0;0m [38;2;255;255;255m[48;2;0;0;0m [38;2;255;255;255m[48;2;0;0;0m [38;2;255;255;255m[48;2;0;0;0m [38;2;255;255;255m[48;2;0;0;0m [38;2;255;255;255m[48;2;0;0;0m [38;2;255;255;255m[48;2;0;0;0m [38;2;255;255;255m[48;2;0;0;0m [38;2;255;255;255m[48;2;0;0;0m [38;2;255;255;255m[48;2;0;0;0m [38;2;255;255;255m[48;2;0;0;0m [38;2;255;255;255m[48;2;0;0;0m [38;2;255;255;255m[48;2;0;0;0m [38;2;255;255;255m[48;2;0;0;0m [38;2;255;255;255m[48;2;0;0;0m [38;2;255;255;255m[48;2;0;0;0m [38;2;255;255;255m[48;2;0;0;0m [38;2;255;255;255m[48;2;0;0;0m [38;2;255;255;255m[48;2;0;0;0m [38;2;255;255;255m[48;2;0;0;0m [38;2;255;255;255m[48;2;0;0;0m [38;2;255;255;255m[48;2;0;0;0m [38;2;255;255;255m[48;2;0;0;0m [38;2;255;255;255m[48;2;0;0;0m [38;2;255;255;255m[48;2;0;0;0m [38;2;255;255;255m[48;2;0;0;0m [38;2;255;255;255m[48;2;0;0;0m [38;2;255;255;255m[48;2;0;0;0m [38;2;255;255;255m[48;2;0;0;0m [38;2;255;255;255m[48;2;0;0;0m [38;2;255;255;255m[48;2;0;0;0m [38;2;255;255;255m[48;2;0;0;0m [38;2;255;255;255m[48;2;0;0;0m [38;2;255;255;255m[48;2;0;0;0m [38;2;255;255;255m[48;2;0;0;0m [38;2;255;255;255m[48;2;0;0;0m [38;2;255;255;255m[48;2;0;0;0m [38;2;255;255;255m[48;2;0;0;0m [38;2;255;255;255m[48;2;0;0;0m [38;2;255;255;255m[48;2;0;0;0m [38;2;255;255;255m[48;2;0;0;0m [38;2;255;255;255m[48;2;0;0;0m [38;2;255;255;255m[48;2;0;0;0m [38;2;255;255;255m[48;2;0;0;0m [38;2;255;255;255m[48;2;0;0;0m [38;2;255;255;255m[48;2;0;0;0m [38;2;255;255;255m[48;2;0;0;0m [38;2;255;255;255m[48;2;0;0;0m [38;2;255;255;255m[48;2;0;0;0m [38;2;255;255;255m[48;2;0;0;0m [38;2;255;255;255m[48;2;0;0;0m [38;2;255;255;255m[48;2;0;0;0m [38;2;255;255;255m[48;2;0;0;0m [38;2;255;255;255m[48;2;0;0;0m [38;2;255;255;255m[48;2;0;0;0m [38;2;255;255;255m[48;2;0;0;0m [38;2;255;255;255m[48;2;0;0;0m [38;2;255;255;255m[48;2;0;0;0m [38;2;255;255;255m[48;2;0;0;0m [38;2;255;255;255m[48;2;0;0;0m [38;2;255;255;255m[48;2;0;0;0m ",
  ],
]
`;

exports[`Canvas update should print the expected string 1`] = `
Array [
  Array [
    "[2;3H[48;2;219;112;147m[38;2;128;128;0m*[4;2Hab[2C[48;2;255;255;255m[38;2;0;0;0m\\\\/",
  ],
]
`;
